
=== 2026-09-15 06:26:10 | start_runner(brainstorm-1812) ===
[06:26:11] Starting runner for crew 'brainstorm-1812'
[06:26:11]   Worktree:       .aitask-crews/crew-brainstorm-1812
[06:26:11]   Interval:       30s
[06:26:11]   Max concurrent: 3
[06:26:11]   Mode:           continuous
[06:26:16] --- Iteration 1 ---
[06:26:16] Ready agents: initializer_bootstrap
[06:26:16] Launching agent 'initializer_bootstrap' (type=initializer, string=claudecode/sonnet5, launch_mode=interactive)
[06:26:16] WARN: pipe-pane failed for initializer_bootstrap (rc=1)
[06:26:16] Progress: 0% | Running: 1/3 | ETA: N/A
[06:26:18] Sleeping 30s
[06:26:48] --- Iteration 2 ---
[06:26:48] Progress: 0% | Running: 1/3 | ETA: N/A
[06:26:50] Sleeping 30s
[06:27:20] --- Iteration 3 ---
[06:27:20] Progress: 0% | Running: 1/3 | ETA: N/A
[06:27:22] Sleeping 30s
[06:27:52] --- Iteration 4 ---
[06:27:53] Progress: 0% | Running: 1/3 | ETA: N/A
[06:27:54] Sleeping 30s
[06:28:24] --- Iteration 5 ---
[06:28:25] Progress: 0% | Running: 1/3 | ETA: N/A
[06:28:27] Sleeping 30s
[06:28:57] --- Iteration 6 ---
[06:28:57] Progress: 0% | Running: 1/3 | ETA: N/A
[06:28:59] Sleeping 30s
[06:29:29] --- Iteration 7 ---
[06:29:29] Progress: 0% | Running: 1/3 | ETA: N/A
